// Jest Snapshot v1, https://goo.gl/fbAQLP

exports[`ListComponent Debe hacer match con el snapshot 1`] = `
<div
  id="root1"
>
  <div
    class="text-center jqbox_innerhtml"
  >
    <div
      class="lds-ripple"
    >
      <div />
      <div />
    </div>
  </div>
  
  
  
  
  
</div>
`;
